// Jest Snapshot v1, https://goo.gl/fbAQLP

exports[`Input should support max length 1`] = `
<input
  aria-label="Input"
  maxlength="5"
  type="text"
  value=""
/>
`;
