// Jest Snapshot v1, https://goo.gl/fbAQLP

exports[`Button renders correctly 1`] = `
<Button>
  piatto
</Button>
`;

exports[`Button should render empty button without errors 1`] = `ReactWrapper {}`;
